list of test errors
